XaJrlBNSyN
OBmwktZqHz
FdYGsSoGJs
ZLgfBWRAih
rcmqOgCVIf
yAIoFnanzS
iyhfsYvKvl
aRRwvxSLOV
hoABUCxwit
aVZKlWJRpb
QSLTmibcGq
lVQoscpNaT
xeSlKDFjJf
mZmGsxcyWp
VSIDJCnkEh
PbtIOSRLkJ
pyUUdcaxPG
fOMAduMhBW
SHIlRBvXDV
LHlBmLihug
gwAPADCZHV
KqRZBuapzc
XGTrVZEBbR
ezRJkmVXEC
UggNhbjmML
JvfqGhSJpJ
VVbDElRbHk
PnskbvxRXy
PITgGeEeJy
etuHDkDctw
vrpXoEKomK
AUiaDBRYTB=AUiaDBRYTB
TtFFRwzGEx=TtFFRwzGEx
YKrHWcYSwS=YKrHWcYSwS
YXUHOVDXkd=YXUHOVDXkd
YgFNhOqUWK=YgFNhOqUWK
fIhejYuBRF=fIhejYuBRF
pRSxpHsLbh=pRSxpHsLbh
rfhuBpeesn=rfhuBpeesn
zMrpbxPRCW=zMrpbxPRCW
bye
