qbAtlojAVc
gHTiDhUEDv
tbxQlBnkhE
MQTptltMDT
fixRYTDatF
PrHefXzfDW
eBrUeJDUzS
ZcxLcIRJJO
nITdDLezwG
ZZXjiaUvTS
NiqhTJTpzT
DeVCSIPEtB
bNYKOBwnOu
TZHSMstuWH
OxHfXShjQc
uRZuFdVNRE
YAXELmFPTA
QOVLvSyFEw
NkEbAjHRoz
OyiNmBHtAC
ATensDKKUz=zLHbnsXhoq
AYNjTDckdE=qXSKMsvqwC
BIACxYFVLB=uozWxcMWYy
BdZWKkKeNG=lVdKJQfxnf
CQYCXmbFdh=dTPmCiaHMG
EAUQzoajmq=UfYhiquRzz
EJfpRwebSz=BvPGRnyDmU
EXANqycjVx=RTZjLYlKat
HNBBtshroz=FsWGQPHebi
HZrTJeSFcU=VYiwhMLjXk
HdsMxHOPkE=fbvCXrItBV
HpjOLbMcUf=vQjgGrSOvn
IJuRfBMVZp=QWLFxCTHNx
IWMyAdWCwa=BBeHgOTnxp
JZSnDkPLFx=hUxDTTDSnw
KSOwhtGiav=loOZNAKfHa
LbaJmTCZup=FPereNnlNP
MWRYcBgeJW=WWlKpOlSFF
MuSdWLlrIX=ggaXmABqIL
NUcZuslevh=AKweEkRMPm
OFrtyKWQcL=BJJYDvOzjd
PNhnMVmqHa=zQyYQuyVWw
QGCKvlyukp=lentjvijCf
RZEzDaursm=UJSiNwbHYU
SdqKQLqyKK=rmYNlQLLmO
SeTRcNGPMt=JOspsuyEUw
SoPhBIJGWW=HSlomTizJb
SqAxFDyqOy=bILswgLNoE
SuArEFAVYp=AmcUhvPUEC
UFzqWfeFLy=lcMOQLgIFW
UVArCEqKKc=MFuFeIipgh
UgdLuIprPZ=fxxNHHqvgG
UgqWyLwGzq=huTcdBQzJq
VtiTUNIyNz=wkIWIAggYg
WNbHKiJDPq=dWmjYuYIcT
WjKRTYkHbN=jUNphSqtHR
YGsROUAlTn=ZzauXzOoGa
ZXsLyoyivt=dWyKOSoGfh
bbylflyfqE=cALlRcnTCU
cEMaZeddnl=PLKZlIyjef
cIDljmdDMg=ajujukjlNQ
cfMkvuJYwm=cYudQyGZcm
ecllapJBwV=RLkEanNLOm
fMFFylYwMk=JrdtSVOIfH
fePiyfokSW=ScBRNNQjAK
gDrqOkBQQS=QEXODGbPzY
gufoEIuBkT=PlSoDueUuO
hYIxXXNzFB=SXFGUcOnLu
iKDFgiSOiL=oHAljlAvTW
ibzmaSRlHQ=tfTBySlhVv
iohPrEhkph=PImvUUerwg
kxPjCFFbqh=ZEXaWDJZiV
lsQToTftSi=BPhLRtnFOj
mGSfsDbUUr=OEWEOLXOrQ
mIMVfuXbsa=ktROdCFdwg
mSSPrllXGr=JXtkmnNDzK
mZjKsfNiud=FaKhfNocMt
myAmGlPVCB=SerUzpZBHx
oSgllCBnpk=YXFPYxBvhb
oakvNVUzhe=gdazRAEZBn
ouJmMrnOLV=LPHQCHglwN
pZBBYCIrAt=kUyAVlOxty
qIFAQfrXpj=TholubXtqR
qMEHsRhARi=lrnKQbIUFL
qdTpFkVBuB=cADQyfHFLy
qlOKryaFdB=cJImRbiIvR
qrAbMHLIIe=HHULEQvCnG
rrFIRBGkna=WNBiVhtJnB
sGBvuVloxy=KMLALwxQRH
sXHcxmZanW=taoMhltzrv
smMoVKXKRE=MeFMACOlVD
tBQeIOuhwD=SwYlkumZwB
tTCcnWWwSS=vRJhvMmlii
wozOVtmdkV=SuchELItjh
xNdCdvHZKc=usRNrIehag
xdQfVgBCtH=VmQJeqBIVA
xzQuDoXKzr=BLsIganBlu
yojzKyyNDr=rHsozeZfuA
zjEhqhHDuM=kGnqLRpeUt
zpxPNvzLDJ=bPKjEfTHjO
bye
