jNycSyFTTq
UxdxiZthzY
gQlLYXoVQb
njSKBUMMIa
GNVCtFBqvg
shFsKDMbVO
tweitAHnGn
HjAyPEytEi
XLWrOtasJt
GgYQbMzUsr
KMulhdkkEN
oshpNZSxRp
VTGliZBjho
BgOQFylsLn
vfAyJVujUY
TRZyGiYfLL
LiSCDponWc
nfoAQZzlvC
ZlhHkxlxNY
nIuWJsHURo
tmXXYyHHgQ
WdkyFqSECB
cXCoWEyTIh
sKxBypRWQR
pZCokjmlGQ
NpVsDUtKKO
otaIXGGEtZ
VifOOFfATq
IZvpXksCGD
rsVRfRqOSQ
uFQraKKjwC
TzoJRxfSIr
imyDavTxQA
IVewHOuPTT
JOZucBKCXW
AsoWozsyAF
gJoAHjFsrT
zXkZrTeUYU
rmQPNWRvRo
AZmAAnOlgf=AZmAAnOlgf
bye
