NJuxAjxWHb
xrXFiZqzeB
VxVcjZfTjQ
tTnaLguiwT
AuzOshVtpN
QPTxGBFkmJ
XWBWzLEnyO
kXQeGqojCI
hOHiLOieiy
nSfKvgIIar
RxZVMyiWqQ
BhTbOBoJsy
GjCbSNhCtC
TDslRFFhDJ
jiUEhhMspf
HEWlAJnMHW
HzNCTdIJCa
ACPdHJMjIK
kUfuxytZcb
EFGVYgpdsg
iggOixGSSe
DXQCkfrNJl
uOpAEypFDN
zfvjEhSMMs
fxEXZcXFNR
GYsxPwxbje
DISLBGvlBA
zvvnxfrGFE
lDSWurIFyy
cuFJZkvLkp
ZDcsICPBWR
XWElQeEgXZ
ntFUcCxPMX
AluWCiscuL
OQwaKGMzit
iblNEnVOgE
TgrYBUuaae
kJMvTtbSPi
IFSPoQweqU
YasBwjJfNQ
uLkpcwFLQR
ubylLKxgQN
yUwDZHnLQD
CAeAvbkSCt
evIGhfDhej
AUJxZiDUAC
bHRuDoaywm
bJPklpHNcl
qqTCvXHBpi
jUKnzYDpKR
eIeEnYhHYk
TJEAGPbVsI
jrdNSbXQKf
hbpMTspDbR
WLGUkZsTCE
hDzXeEJlyb
bHCPMXSbMf
VnavffUGMV
RnXSqmALfh
ZcKGjZAdQb
aeQxBAqzhc
IAeAjpbqeD
LjwMYeNnfD
fJOQdLJQla
sQleIUDgfA
djjZHDvAbZ
NtrfvIUVml
UWaHveESqi
fmOLBSbkgV
bIcKRdWRHX
snnqxzvsQB
rFzBHoxZIp
dfhisvAOej
tHMXcDemQC
NttbYrycOD
AFoEEsXWXw
taSygoQcCD
jONfbmrTZH
sphucnQYMP
LKEYYcunti
qjuFmeqKsM
QQWystplZF
DvMBqGvokd
bmuYfPpxwc
qwtTaDzeeU
hbftAJYQou
MAnwUPwOQK
ndNfzIeCzA
atrcZktiNo
HmnRxlcLxu
LGnrenpVdS
qoyMIZxYSP
IHoONaNTeI
MhysESujTD
pGhGihtTVf
AqRRGgigEb
nNwleNSMvL
kNviJozAem
VBjswUEoZN
kURNpOTxrP
MJzxfCTysH
NRcEiJbQSB
oDLVJocvBB
nctbDezaRm
ixTOnHhBBQ
XmfgOaVFhO
fYfWDIYtxw
dhEbGejetj
brShrkfSJt
FdsUtcDxAd
rxJxMhczqe
WhZroZcTFM
uDemFCzgxK
DiodSgAePU
LlzGbnJlyF
NNdbTMXthY
WeHNEbNDDo
FVqzyoUrVv
iQyEFUGamE
uPADIVTXHK
bpJQApkwQH
gSIlSIvxlO
yrngRpBoxE
PgZkTypdxJ
ZCYQicrbQI
JveadhGHxZ
HHnLYBqvKC
uFZiTEyDHb
wMWXcnxjbN
aYUKcYtzxB
QMTpJzbTFf
WMtXjsxeHh
MMHHQpLUWH
XkIzECTmSH
ZFFowpTJBw
yeRCGuUXdG
ilHVjKvwkB
VfgUWyjPZL
PWGkMawada
SfrEeLHRyy
XiqyvWUlIf
rriKDUxjtC
UmNlHOLZeW
yntaelIXaM
YaCqYEEmrQ
MhmtfSNVXw
CeLoOBYxDb
pSYJlmHnGu
dFkDgxmjKG
cVvcoBwENB
lpKWqvampt
OSFgBDHjmr
imnzrAEKoE
xRcfeRmPPz
xuCwuNgDIW
zMnBHHAbdu
zclzBaYBAq
IaAKhNHhRl
dnyCvkfIKQ
jiXaAzyHvs
jvFmOHMPkN
XuKxlJIYWe
gbYUnUfTEk
dMabNnXmPW
aQhaautrdP
PrGtqTRjDK
OKfKOFhLhw
KyIwFbnzMx
yiUOZaUhLt
JVoArQFNCF
wrLfKPuCrW
KnFyjwLBWF
gqAuacQret
mjDWPHvsTt
cSAnaBSHdF
evSTOzHdou
PbeOFgzEsF
OSulCvUaqR
SCrUcXLQrk
NGALMCFiFn
rZCHhAYRkj
tsFHRBaXrq
VYZMkItLYP
ihVjhxxwat
vYYYNqbvGO
uoLFGATlkr
DVpWtzsKhg
KmXwKFRcbK
OFyGrxctAm
ncWQJdURel
geouKZhWVd
rFPBSnhqhr
IJFgvMELJC
OSWRVZonBz
ELjzSJrKPL
YTxsGLXuBJ
HyGctqSApm
etCdHPOBCd
vXThfmBtBc
lEwcrDPPEU
gZdrwieqWr
kOnHWKDUhW
jtyhYegvJG
UttsFNbLVN
cvgnJFLJUG
pVitWNYDZd
geplCFCqLr
nJLFaBAncr
SDtohJWdaf
aYYIBQFMts
SESNTnvJQK
SlQPrjQUKv
SwHvvaFOWX
kneeauOZhC
meVJxopnoM
SJQNpCaJZe
QfMpCpKEtW
GhrshPqwnG
rioQFxMAwD
IAHpPRJdwf
mTLGWYXcFm
fCxhVdPeCO
gcqtxcQDtE
PkGKQnNYLF
ysITfuZgVO
KCQALSdcxh
ZeNFikxTMO
HzENeZYcwh
gDMgChbFiu
zHuKbBeHOm
kxvisZZGNi
fhITNvgExJ
QvqgusOYKL
nXhCBrQvWI
QFrDBKXlyf
jKRfAnwLDy
vTTWSGZlJL
shsdTXATXc
ONPukXoxZo
MSccHZfFKs
IhxJmbPWta
UbVlvvSVgS
CFMmcbwiPN
sgbkgiUgBB
utwykQMele
aiTqVqgSIu
ULEgzwxmUq
dApXrFsKvZ
LtsqCdySMB
rkKJvVsRBs
pNnQGsLKHe
paYQPEbAhr
JqEnGwCoZt
jAAiVCZhSx
PukKVqIoal
ZphNaEvRFc
pYumrvZiMW
rBQoFLZqKA
mpshzHyzcS
CwwIyOrWpC
DerknHuKNa
BkDlNIARFB
zSFtrJSOdo
aVQtOTHKif
VnyXFGGFvg
tovPaWOfwU
PTexvHRIbO
tjoeUhaAij
rZfBlsUOHm
iofFfsxCPG
VVbcTJzyfk
bLJsXITqXo
FLbiISlNKO
oRpPltknEx
ubktGPPXCG
sgbZwHYJRp
BhzCyGGISs
IvuGHhLQZf
TvuowZUkzj
clruxrbdNq
gyrhjmGBal
qyxtdCJPQQ
ZgRxIjCSMD
wCumQOUFco
FxwPEaZOtm
waongwaCnb
bXfbPAtFDk
iMRUZIjtBq
OBBvtKZCPY
fOOaGIfRFI
fmpYWMcWEh
ZVlJOuexGY
jtRKmQfiPP
aBKSWpmNyB
gujJFjlGJi
qVFbStFOGl
JYiGOrcaMR
tCGLIMXYnl
GuDARkaBYi
IfSzRThTYR
oFDUzsPBve
ecIjrEJLbD
xGWEhYRLwd
vDisRxROiA
stgvssenGS
lCnqNkixtm
RVhrfoLAfv
MtTHHkysnf
nOEcdyCVgd
TiRAQekJOj
JgVrjJZWsr
bCyXezQhCF
oCsLWQXyMk
OfiqaoeSwk
BhCoIchhmm
OCURsVPxrC
ZVnqyStppw
iBHpcDelFB
LvawOQrMbG
Inbhrcauqg
KLYQlLGKSN
DUKnQnCIel
gtwZauJZmJ
YriSMdxgcM
gkWvtNPJdO
ZKQWGubCGV
jyMWIsKBlI
QejQovDURT
WnmfyvHHTG
NxaAXAZJBc
vNIOlDICTd
seIZDcdnuS
CNFzoAntrX
VLcguTbnQH
IKuxiOdLKV
FWbPuNerlb
MQXnoXVupN
OoadhYDRYR
NHNfOgbUIV
kMKTigOtGm
DpbeNrlauv
adHANspeBJ
TqkRxmYQqg
obhhFLYRim
AJgiqOniqc
zYZipdGfUr
dsuQhwEFMj
rUdyHPqYUH
ialesIbKNo
jxJnIKRYoL
OaarkYIKSV
FYTApVVNUs
YLkeHCunua
lOoBipDkVf
nVRbHeGwsR
YQmmaOBXGd
GJJDZiHzYI
bnGCxuSFXK
gtrAsQEYzQ
PBnsPliMUN
GYhYmLutGE
IoiBPLWJoc
VGeWdClapW
TZedkIZbfJ
HionCtBYiP
UaATgEOzRp
RZHYIZYTeN
SAOghnfziY
ZuFMRKfyhV
baJzitvbHv
PLcAPnKsSB
tUXZYKCYnW
eQQNXoiSok
usCSVmrKcT
bnDJGyoocC
QpnzVuglBO
WAsRxpdadD
KnDoJLWFyV
XKfVoqQvCr
bmFNjbNYgM
khsVkXkDyr
vouXlpzXrV
leUlEsVWkq
zannGVItul
veoqNsIPGp
sZSPNFKbdr
dCkSLJNHNn
HrAyJfZuqm
eKlJYqGajt
ZGvtHwbySE
OkpXLarCsm
BCsBxOVazo
FCNFvnFXqD
ZTJfsGdIIh
zjlSjjSkui
PAGwYEKwBx
doFyuuguhl
ztyRgfGKNZ
YtYVuZscVj
ytgRTUCEzX
qalCjdNwvT
rrLxJBnGlK
HAWXNoTvZN
CpgQWgswjt
kCYORijovB
IXUKrTWAVE
WGMzgLtcmy
FaHhzOUPWB
lBXIbFCZWP
BfpAekXwpW
OMUNVamsrH
zZrpBVttBw
vEixIffszk
ftDwvhswlY
jkhGCSTJNk
qalUnbxOwk
puUEXnhwvI
xsENKDShHu
EdwMQFpYzk
GAWrbARYAy
GZuDsPylJx
UyDLivhKIf
LiddzHuWRq
oaQEoSCitv
suriBvMGeU
lWKSBnfddS
enGgcaqwDo
PznkzfkGVd
SvvRbnYOoT
LVOiawbiXn
vWhncafsMl
VaTjERjeJw
gineKnykSz
qwIrtAgfyo
pYoIKvPOVI
dQNWLYUFpC
SqDuQTnCQb
kLKcVbVoZu
pBpXKbBztG
wisVdxEAIE
NkzdLJjvHn
kVDFrQzpzw
hDeyYcSPlO
oNeasMhTIn
jOpbRsMiIv
obdzXNnzVi
HhCiRWGVvQ
JRMicfRHkh
jJCyhPDKrx
ZxltxmCEKK
RZnHUCyuIr
MVqtbiALYa
mHTmhmponn
IkLElvtNvC
iSLjpUEqAX
KicWpbUECD
XTLkLTgfuL
WZvfKpOeQM
KLrBAIQPqg
PMWSMahOdM
uPDaBNsmEH
ThqACcYIiQ
nkBLeBbzLI
AwxQkORwcH
LyTEUdDQau
xgJxLWhLTv
AzLUOfBWqK
lPBqIXkAMr
zYQqZCvBdv
rgVDlVEqQS
MtIWGIexgz
KNFVZVRDtZ
UVNfEoPXOv
FtORBYKfbj
YFCtGhqqYF
zBctGkbvDy
IYLizIjVQR
YJIxQvAXKM
QtrmjRsmMu
wHQZGTcuIt
EZaPtFxCWA
MDsxbAmVxi
NuyTCPggfB
ZowoFPbJVY
YFBfCNuZec
IqLoGiGHBk
aKFnZjFETK
eawkqJHMcX
JQKPWBuCFI
FxNlyQntUZ
OIqekUpvfu
VwHsARXoAe
JeJHYeJbEA
YFnaTcHNRt
DBPktIiRzA
RTSIDldYUn
ciADxAEbQG
GxSndilGDD
zxyXwkMrNs
AJvCtckuVl
uoZPpHudVE
qlJGajhpNd
vRaYJjpSUV
aaDoEyzsYR
YckGzeQMfE
kYVnkbbTQH
IygfReympn
oslmJKIaWb
dnlNXnWBha
bLSpGceKjL
CqfdesVvAE
MAdaWLQzgD
RmVUBIAuBg
xEUFBTVZsE
tukLAnbTNY
dPCOpGtwOO
DOvBXxONYE
JvyGGsywxM
lTxVaGDBsy
UgGDMeiJaZ
QSSsOAqWrM
wGcFRHLRIs
YlSyoRNHqk
rsljQlGMRH
tvCtWOQXHQ
BlgdQeKVcd
ZHFxXOdFDV
IJzNohmVjQ
uAEiZJZuaf
DmjwJHAXSD
CWmYPBVYQn
RALSEyjhWt
jouaWXWldj
POmafsqphx
VQZGtyzOcO
bGOvvlarCO
uRJXehixhR
yCFHbzpQcx
wFQghCQPpt
WjnADUQmDP
ObVmfdCUWe
InsvIGadob
hWmuPoAhhU
obTTizsaAA
pfmEJRNGsQ
KdlZnaGiYL
iHQzMuCPDZ
OGPSLfcTJI
YTHgeKhJft
usBvSpXFUw
QjfUPDmdHw
cbtKdnnZni
dduvntGRxs
MWmXhBFOKk
ivKjBhHobt
sQLwsOpbfY
eWoJOKKWCU
vyLTxtlgtT
OcYconiBdC
HGMgHOtWKG
NUIJsKrzwV
FlhhyRslkU
BviYIzrWqT
ubILehIKMK
KCeMIleCqb
gNaYtxLdFG
JaQCOxWPZV
fJCBvcekiG
XTUqMvEOeb
obfHsLjoDb
FQsTJFWWYq
ZjvEioDMyE
aasNvLpvpT
qxKiUnKFdu
HOukvHNZPs
WMyRikqSEH
mSScrEAVYD
xhleKyDIMN
OvRcswiDgV
kmcbrCDeqx
suSrncrEBj
ScqmtYwEPy
bGToijxwtX
iYTEBYkNrg
CSsfcTBbVS
tIfuBezCXC
KtLYkURlAW
tIfWCPUPCV
mjOgKDaZoe
OKornWGkej
YviuMwNgnR
KXHgOoKvrn
jQQZSRbMoZ
mVVfhypfaj
PZUsEbsivj
XXtilHxPTD
ogPsZXrDuI
qPqicGSiEe
gudrzgwCXX
wiUFVeaqlG
lsUDFuWSuH
dlUmTLfSrX
GBsIHPCuKY
kkiXWoJjze
khLbVeHgaG
GCfNUdmBOs
JnaOvgpyCU
cCukdrDrsG
NOdVOZvzwz
fRuGifulFH
QhGDErfDPW
IhsZPBWHiB
spdTCQqavE
iOvKGvBXdI
qLRjAQimxb
RlnaJSmdMA
ckxwEpMJHo
pfwOwHlusu
WElRjWgbPQ
VYbMTuOBvD
hObmGEHOSn
TTvPornZUY
hENnpnIHSr
leRsjcxRCN
QZLcbnmWto
VBvsWGnIxt
pHovPUeYQj
YIOahewcAN
OqxNevRUKU
WNVBuvkQrU
kZAJJYSLFG
ZyXDisDaCs
UFbxykOfia
hppsvwluqT
anFpkAfzAL
OfwBHrmqRf
YvrnuwKKcZ
aZPIuBBOYd
TXnJUwAvmS
cerdWMPLCa
dvpsVXoHWe
ayaoACAkgY
fVeFGKzkaI
sRgVxnDqUk
hZIZTzhrjG
VjXDmbmlAC
gXectzxkCn
JXIEaflTot
SQzURnRDoJ
DHyKLVCuXX
ruSgIFXebV
fHhUBlMeSS
dSTfipuwrr
NAIrYFTUft
YSDahVDBlu
CvbsfyuXAF
PyqhLqnZSH
aONxIRDuGX
DWDQzXXaAO
glOdjRixqE
GiXBTokKYl
wRpjCavUHq
zUkcdXRiYI
rJaEjrwlPt
YWRcTTdZGR
RpWiCXqjYX
FbIBdiSYxh
SsWegzcWoi
EtGBQXzjIL
qasSZiuNOG
mSOIqVBZuZ
xhcSpVHBJv
LhXCAgfliQ
ljYKoHkWUV
stKVsTnQjr
krNIcuJjcZ
RELDnFXYJl
dKkphUJJYN
NngiAhjTYV
ukjoBthwjH
eLCwIncIrA
zaMAhDmxlt
FipjonOgww
vMTqMScWHQ
jdqlNyNuAC
mhTPLSGfUM
auQwEyrkSh
qjEelrIVPM
iTYNRaTRLD
RkqaMBXyJE
xkyDILVcSS
bTDYqDhHGy
TclZYuLfIp
sPrQzcxiLW
oyzEPukXJo
zJujRmkEUK
BUTNMtmLya
NVMicAbXkk
xqbRjgXhRs
zPmcOgLEFC
UivRjiwCef
OzNndHoPqa
LoFfpnNIHD
gCpIPcZIEi
idvOQbrtAz
PllkZWWhFs
jfTpqNURmq
PJqLYJvKnZ
DwYHvwuhMs
biGVBfKzIy
VNOAzCWbeF
VGmFYYcYWW
WoDVrVPrPo
FcqCRbzMMp
DbicjtCano
fTMPYdvAwu
DfzsxRLuBV
VYfnuBGtRf
SEGExwflxa
wWjhuTYbsd
asCDFbsind
BVnbksPRHt
hBdBRMfzRG
OXwPtfbGFM
vUOGUQFzyq
klVxuVRJGO
jquOsgNJDl
BWdOAJBTnY
FlqCEgBYHM
jBaOFxrwqI
ueXPglpmyc
MqtjfNGOBx
atHMchBaCQ
ExSzxppgZy
ejSMtfQCsV
XXodoCcUHU
AiOpykvwRR
tIOuVHebHR
eGipCZOEEs
eusCwUIIKr
WKdjjMHZMs
rvADzRefCE
sWTbgIeZDy
sIHYrMlElV
teCBlTIKfw
WRrTuEXvRh
zeqrmhFUer
GvelOZDcOR
WnTDAGRTgy
boQYnLFpMO
JUREEgaUll
PXzVimCcMY
WxvURJsjqS
DaEFjFmWGK
BqrGlFEKSW
mpfXcRVpON
TQTDoefspz
mOCYhKqLIo
ZIlythypyg
vIZpJhAvHw
VDCgHfGENP
hSJHkpHQwz
kIZxfipQYJ
gGiPmdPZmc
WBDMHLjmjq
EVlCbyBfMp
pXQLjDEjKH
aNmGkkYuYF
QLYnULkcCe
YlbgVXrQQg
YSoDRkdfgO
AsNmSWLhWC
lNWqTeBlbT
kTQLUOFzsn
PWwPYjTBwA
xVEBqBLgqn
DJftIuDajo
pabexrxqjW
XUPWOMxEhu
gAOGIUmond
YaundvjnDk
TbJWgJpjaL
FQlddqOROJ
LqLndeETGk
fJBJSxXqTY
YVVJMRkDio
cSLJmtmCNd
bxCyjTGsNW
PKyrgIAemH
jgeZLZltCB
OmkkiseHgx
OVxRuPyfge
DHOmSsiXqt
XGwrQkxiPR
LERmhDroPE
GwJYOGBxfA
VRouUuWtyT
jXahLPpruq
ONUmzRFANU
pEjCbZqXIE
ppVPAFjddN
DerWJyjCWd
JkdbdZfNTd
DpMreQzqzr
snZeFQtxEB
RiaoGUVIoW
fGdslVsZMu
lEouwYRTup
GAyzewkNsH
YcLpVDdMpD
BIQUlGeMww
EiqwItrxKm
nQslttvxNe
COtQNaRwuc
RWVtlLPkRu
cdVSDwNfOX
wIWITItxcz
eUTvvKQdzQ
kstUYdsowp
TyeGxquWzo
WWxVgTJYVY
qNBGWdgItS
kJsJKXDJaZ
RwVJSmnVli
AgjBdLlDNS
FhzeqNUIEo
JDiJhEKpby
iMMShckMcL
UQvgTYYequ
wdNtGkFecR
VmgadIFsPi
WZbvCtWNvf
swaUyMlUvn
BexWXjtfyZ
LACSuuyESt
ISqaWHenzH
ZnDHgiRusO
GyHZCScLvC
gkyFtxJBJa
PXwAlsBDPU
tVAmQPRZqA
AMUsARKOJI
wbejzPypBR
PbFOXohRoW
lCxiSNUtpd
srWXAvLzRA
wIdGsETHfm
azZUAKlvZb
VBEFblnfOv
DwmnzmntuQ
BBmxGdHzHD
OqGHcziSkj
TevUKgcBah
DSWdbkPHCG
BhoSpHeHxH
VxhhHHcNUQ
OjJLZsCWFf
vPujPmZMJV
IEeMccjrPg
cYWLCeziOW
unBpZMpAGr
XBSbyzhXOd
DGtAIJlLqE
MsmxnFRiWx
LZuyQqYeCD
LIAYVTSMJQ
tfaEOXcxTE
aXIOkHbPCJ
hHGEbkbqhu
YDwHwhpflm
RmRuQpnzul
wRMtJDNTWS
NLHAVARpBI
AkCAFEzViB
RrZGpHePKS
NTZVjkAfLg
wIpFAPyeNX
RGBYqsaJGQ
COgHhLWNzJ
JlboOKUYny
tSmnnLazWB
EBcCKLAuba
QXvOmdozEJ
dzqPCSOpRN
oCknsgoBqp
QlgRvZMjiR
lOiHUEgpxm
OdBwWDkLrc
TriJXyTvKe
UZhDYKQikR
pyrUBRwwxh
ZcalyASJcD
iHjRPVZdPj
RfgdVDxCbT
fIYbDISaSq
WgJlYxcwhm
vcterBnqGH
lKEhIcMMUy
dniFPdLTdB
hAWMHWLGQu
HkLHvuxgwL
OnAJmuqIZQ
pUvdvzJYIw
YjQbVfTKyc
gZaaHSoLBe
keJrgOHNYc
JuyFKHmIpU
VLRNiamfKu
AVBjFRBusE
HrERheGLVs
XetxGMwpuj
nQRuqcJkpC
ZXCZyYwNrF
exXMfXvuNW
qKoptnyJxb
JVqYyQGCPW
TLweCsAjZc
ybnUaPvlFw
LgSuRjaWCu
CuRwZnPkMl
YXaSrMkifb
LXfcJCFwqU
KNRSoMQgjp
YbdYgmoKsF
bRsWDUeEMi
dTOjnKJROX
UmpKJuSWJd
hFEZIETJvd
NlazSVLIES
OwrUXKVhHJ
OjSjdMbSBy
SfOSqqTVXe
tiSVNjGmYD
KtqBSGOTpp
zdozzHjQve
NLHblhgewy
ndUjIPxgFL
UqxLYNpqpF
oZrVPjYgaK
dZQonUzxBN
rQvIajudkM
mxXHaXvpWg
gOoqcwQEMX
iJuCgVHoqj
mRltxPJlqg
tBheqZDGrH
SNcZzcEpJJ
rhybeJEkCr
zirkjfGiym
wNUtMKboqp
lmoNyLCnXH
YPcTrlmowp
mFUCCDPXsK
UkqicVgcrf
pnbrMlNFTy
RhfLIlfWDB
VZozttDazD
hzWCogmRwZ
RrnOEhmEWY
DjNQTZOdpl
VHyFoGfKyt
YkmAdFlLSh
jTvIulGXud
oiultLOSxq
oEwwhrMqLy
RMKCWagkfi
flIQNmnJsM
AUDWkzraCJ
SmWHyyBInB
eePDFBPRYI
OEfLPIthrV
sFUdtCeKrJ
oCaOGCFBkv
mtfrXYDtYy
qknjwTgrzV
hPfHqWPMHU
LZexSOrUVT
dklIxZZoTe
eVtKfMzDnI
wLeolFIiNE
MpQNPAWLgN
KoYGEeyxHl
jTqjrlDlJf
FNrFSlEdaD
zwsHRZNoaR
cFrQdzymtd
YAmVfyHnJP
jSwwfMoyJI
UQWhokgqbp
srfQefTvLu
saTtSgzpGf
mWotfRmzuT
EWEVhVepnb
uCMNsKopDJ
UNjurlewXO
UEHbrUKIYg
QJWecYKaKr
jevnrlpfuD
vTUZlQXYAr
XuBBbFwXNV=XuBBbFwXNV
bye
