BwkrqOhyiS=NYAizrwbEL
EcCRYtkuAy=GxWuyGrAaE
IQCccWztnu=aVLwdMMTek
VcJgTbsqIl=gflhYjCNVf
bsgvQFqAXm=OHMWgKKZZV
cPTRseGWck=FdsyGcLpob
iAcnCgWVUk=OQNgaIzSEu
kGihaekVKh=KFIpCjWhGV
mPxnsKUUfn=GueoZZlxqX
prinZQGsng=CPEybSEKty
bye
